--- Portal 2 Console Log ---
maxplayers set to 1
---- Host_NewGame ----
Network: IP 192.168.68.117, mode SP, dedicated No, ports 0 SV / 0 CL
Opened Steam Socket NS_SERVER ( socket 1008 )
Opened Steam Socket NS_CLIENT ( socket 1200 )
Network: IP 192.168.68.117, mode MP, dedicated No, ports 27015 SV / 27005 CL
Host_NewGame on map puzzlemaker/preview
exec: couldn't exec skill1.cfg
==== calling mapspawn.nut
Attempted to create unknown entity type playtest_manager!
Can't init playtest_manager
Couldn't find any entities named doorentry0-player_start_teleport, which point_template @player_start_template is specifying.
prop_monster_box at (192.000, 448.000, 538.000) has no model name!
prop_weighted_cube at (192.000, 448.000, 540.000) has no model name!
Commentary: Could not find commentary data file 'maps/puzzlemaker/preview_commentary.txt'. 
setpos 184.177414 272.121063 64.031250;setang 3.554420 89.227486 0.000000
setpos 184.177414 272.121063 64.031250;setang 3.554420 89.227486 0.000000
setpos 184.177414 272.121063 64.031250;setang 3.554420 89.227486 0.000000
setpos 184.177414 272.121063 64.031250;setang 3.554420 89.227486 0.000000
1.000:  Sending UDP connect to public IP 127.0.0.1:27015
Server using '<none>' lobbies, requiring pw no, lobby id 0
RememberIPAddressForLobby: lobby 0 from address loopback
setpos 184.177414 272.121063 64.031250;setang 3.554420 89.227486 0.000000
Can't find factory for entity: wearable_item
NULL Ent in UTIL_PrecacheOther
[PORTAL2 PUZZLEMAKER]  --------START loading assets--------

[PORTAL2 PUZZLEMAKER]  ---------END loading assets---------

==== calling mapspawn.nut
setpos 184.177414 272.121063 64.031250;setang 3.554420 89.227486 0.000000
***********************************
*         NO GAME SESSION         *
* some features might be disabled *
* (achievements, stats, UI, etc.) *
***********************************
=======================Trying to GivePlayerPortalgun
=======================Trying to UpgradePlayerPortalgun
*************************************************************************************************
*** ERROR: logic_relay InstanceAuto3-global_ents-environment_testchamber has been triggered but is awaiting refire. OUTPUTS WILL NOT BE FIRED!!!
*************************************************************************************************

prop_weighted_cube at (192.000, 448.000, 540.000) has no model name!
Redownloading all lightmaps
setpos 192.000000 -96.000000 64.031250;setang 0.016290 89.995987 0.000000
SAVEGAME:  903.5kb,  301.5kb used by 670 entities (puzzlemaker/preview)
SAVEGAME:   43.9kb,   25.3kb used by 298 entities (puzzlemaker/preview)
SAVEGAME:    1.0kb,    0.0kb used by   0 entities (puzzlemaker/preview)
Error: Sound operator elapsed_time requires valid channel pointer, being called without one
hostname: KlunnyS
version : 2.0.0.1/2001 10090 secure  
udp/ip  :  192.168.68.117:27015 os(Windows) type(listen)
map     : puzzlemaker/preview at: 367 x, 120 y, 64 z
players : 1 humans, 0 bots (1 max) (not hibernating)

# userid name uniqueid connected ping loss state rate adr
#  8 1 "KlunnyS" STEAM_1:0:510314108 00:07 36 0 active 10000 loopback
#end
prop_weighted_cube at (192.000, 448.000, 540.000) has no model name!
